0xa6B71E26C5e0845f74c812102Ca7114b6a896AB2

0x1688f0b9000000000000000000000000d9db270c1b5e3bd161e8c8503c55ceabee70955200000000000000000000000000000000000000000000000000000000000000600000000000000000000000000000000000000000000000000000018d441c802000000000000000000000000000000000000000000000000000000000000001e4b63e800d00000000000000000000000000000000000000000000000000000000000001000000000000000000000000000000000000000000000000000000000000000003000000000000000000000000000000000000000000000000000000000000000000000000000000000000000000000000000000000000000000000000000001c0000000000000000000000000f48f2b2d2a534e402487b3ee7c18c33aec0fe5e40000000000000000000000000000000000000000000000000000000000000000000000000000000000000000000000000000000000000000000000000000000000000000000000000000000000000000000000000000000000000000000000000000000000000000000000000000000000000000000000000000000000000005000000000000000000000000e541ba52e2eff4fec12441c77f73352d885e183a00000000000000000000000044ecb475f2ac653a9566812d8ecac24b150af1ed000000000000000000000000d757fb1bacf538558768261653cfc15940c9c9ec00000000000000000000000060046913f6866823bfa1c61dce7dcb5dbb1a800f0000000000000000000000002466887c5ab22f4a19828bff94ab5cdae7186ea9000000000000000000000000000000000000000000000000000000000000000000000000000000000000000000000000000000000000000000000000


Bera重放
0xa6B71E26C5e0845f74c812102Ca7114b6a896AB2
0x1688f0b90000000000000000000000003e5c63644e683549055b9be8653de26e0b4cd36e0000000000000000000000000000000000000000000000000000000000000060000000000000000000000000000000000000000000000000000000000000000000000000000000000000000000000000000000000000000000000000000001a4b63e800d0000000000000000000000000000000000000000000000000000000000000100000000000000000000000000000000000000000000000000000000000000000300000000000000000000000000000000000000000000000000000000000000000000000000000000000000000000000000000000000000000000000000000180000000000000000000000000f48f2b2d2a534e402487b3ee7c18c33aec0fe5e400000000000000000000000000000000000000000000000000000000000000000000000000000000000000000000000000000000000000000000000000000000000000000000000000000000000000000000000000000000000000000000000000000000000000000000000000000000000000000000000000000000000000030000000000000000000000000c63ecf86b72ea260140d4daf65bf6c66f36976c000000000000000000000000e541ba52e2eff4fec12441c77f73352d885e183a000000000000000000000000d757fb1bacf538558768261653cfc15940c9c9ec000000000000000000000000000000000000000000000000000000000000000000000000000000000000000000000000000000000000000000000000



0x44eCB475f2aC653A9566812D8EcaC24B150Adead
0x000000000000000000000000000000000000dead

0x000000000000000000000000000000000000dead
0xff6b7d26407a46af2b631b4fa452a036d027e5
0x6f81c9126d4e6fdcd39a4e24e9210a9bb3ecf1
0xd1b620029471617c3df4c81001dcc8162d3db2
0x8d63fab8179ee0ae2082bb57c72ed0c61f990f
0x7370af0000ad00be0efd2f1eb6e6e9d700
0x22e00560d1fd651e71df08d98edc028e3baf1a
0x1b0458a438238f8869465acd9e97fe4de17b1a
0xe66bc44e2b0a88c9293bb2ca8d0b01cea1e82c
0xb3230e7215e3dfb85f576326630ad24e89848e



0x000000000a38444e0a6e37d3b630d7e855a7cb13
0x001b0458a438238f8869465acd9e97fe4de17b1a
0x0022e00560d1fd651e71df08d98edc028e3baf1a
0x006f81c9126d4e6fdcd39a4e24e9210a9bb3ecf1
0x008d63fab8179ee0ae2082bb57c72ed0c61f990f
0x0098377e5028f52b5fc038dd1775f859e8cfb564
0x00ab97c782c661fb3d08c96dce06176938101211
0x00b3230e7215e3dfb85f576326630ad24e89848e
0x00d1b620029471617c3df4c81001dcc8162d3db2
0x00e66bc44e2b0a88c9293bb2ca8d0b01cea1e82c
0x00ff6b7d26407a46af2b631b4fa452a036d027e5
0x01413153821946871f742490937946e5992ed40b
0x06a84a5364af1f043b77e10bce2568e94af76d5a
0x1254958bd5073c6b238e516298f0c48f6f60a78e
0x12e6314c1eb68e413b20c0e67dab98807fdc4df6
0x139791013f6dcc26f4052e6a7b8ed50099e7d15b
0x1402de507719544277be20043b6c6717f38d362e
0x18821c4afdb4acfe6df9daa69754718c9f2ce7ac
0x188f2447f7517f46a6c617aecf950b740cd8eb98
0x19f928a2ba7fe4745f05dcd3f2e89bc2584f931e
0x1e8bc13fb0478c5843d66ee3caa71ff8dfaa3c14
0x214d7e35cb265c416629d209e35fed58e252afce
0x3c6dfb5d608c4849d289d81d8bfccbd48d86d0a8
0x4b4ed195f54edba8fddb4600dd29e16b3912aa5e
0x4bbb94f56b5f138ad759da8e0e6f8102843f24a8
0x55a781d9c65561933aec6d4eee74a20edfce51fb
0x5f2cbc511ef0a92a473943672a7a97028ababc29
0x60b0fba5b289800743b35ad8be16cddede2bd67f
0x6281559f11b64180700b3ebb3796f5da2e678f2f
0x68f0ae07b4b7dd71bb9c4dfbfad483cc462061b6
0x80835bb6000ca3bf97da32233c5818652d8bf495
0x88b835e481cabef3c7c35e4007b2f413aab7755f
0x8fa45aa6f62ab1e00912016dfb51ecfcee452b34
0x9e46cc3bb7c6c1e691c812b986f465a8ddb12823
0xa5b02095aec69ef5b9308e1eecabb81c55ca0686
0xa811c417506720d045523c76cbf448407301a595
0xace7f306bdae84179cce3a6f7c2a0233299267ab
0xbb770160549b62cf19aa05d67130a7a3554dde3f
0xbded327a145b4703300e10204e6d180e1a15c844
0xd5557a1dcb5d9a34939528cbdea5128e1a6a1c04
0xdbf12acb93d8fd935d37314f325be5a49be8e49e
0xea080de78b140031ce75f6cd7dd7e2cab854e240
0xec7836bdcc7481d3450e3f22fd9a3ae928d753bf
0xeecc0e50b64cb4a67d98cb5fd1bd7e87b6c1bd47
0xf61c7b8debf1e6f76f02a2e68129e0ffbe6f2db0


0x0E4aaF1351de4c0264C5c7056Ef3777b41BD8e03
addIncentive(address token, uint256 amount, uint256 incentiveRate)


0xfc5e3743E9FAC8BB60408797607352E24Db7d65E

0xb42f60db0000000000000000000000000e4aaf1351de4c0264c5c7056ef3777b41bd8e030000000000000000000000000000000000000000000000000de0b6b3a76400000000000000000000000000000000000000000000000000000de0b6b3a7640000

0xb42f60db000000000000000000000000fc5e3743E9FAC8BB60408797607352E24Db7d65E

0000000000000000000000000000000000000000000000000de0b6b3a76400000000000000000000000000000000000000000000000000000de0b6b3a7640000

0xb42f60db000000000000000000000000
0e4aaf1351de4c0264c5c7056ef3777b41bd8e03
0000000000000000000000000000000000000000000000000de0b6b3a7640000
0000000000000000000000000000000000000000000000000de0b6b3a7640000

0xb42f60db0000000000000000000000000e4aaf1351de4c0264c5c7056ef3777b41bd8e03
0000000000000000000000000000000000000000000000008ac7230489e80000

0xb42f60db000000000000000000000000fc5e3743E9FAC8BB60408797607352E24Db7d65E00000000000000000000000000000000000000000000021E19E0C9BAB24000000000000000000000000000000000000000000000000000000de0b6b3a7640000



0x12F45203b4dF96106fb18d557EE3224A4dC65637

Function: addIncentive(address token, uint256 amount, uint256 incentiveRate)
0xb42f60db0000000000000000000000000e4aaf1351de4c0264c5c7056ef3777b41bd8e030000000000000000000000000000000000000000000000000de0b6b3a76400000000000000000000000000000000000000000000000000000de0b6b3a7640000

Function: whitelistIncentiveToken(address token, uint256 minIncentiveRate)
0x91888f29000000000000000000000000fc5e3743E9FAC8BB60408797607352E24Db7d65E0000000000000000000000000000000000000000000000000de0b6b3a7640000


MethodID: 0xb0eebb24
[0]:
000000000000000000000000d28d852cbcc68dcec922f6d5c7a8185dbaa104b7  (HONEY-WBERA-LP)
[1]:
0000000000000000000000000000000000000000000000000000000000000040
[2]:
0000000000000000000000000000000000000000000000000000000000000002
[3]:
00000000000000000000000046efc86f0d7455f135cc9df501673739d513e982  Infrared BGT (iBGT)
[4]:
000000000000000000000000e9eea54fb348b8b4a350fe88ae8db6e1a7a39ae0  Infrared Token (iRED)


0xb0eebb24000000000000000000000000d28d852cbcc68dcec922f6d5c7a8185dbaa104b70000000000000000000000000000000000000000000000000000000000000040000000000000000000000000000000000000000000000000000000000000000200000000000000000000000046efc86f0d7455f135cc9df501673739d513e982000000000000000000000000e9eea54fb348b8b4a350fe88ae8db6e1a7a39ae0